Reusing configuration cache.
> Task :app:checkKotlinGradlePluginConfigurationErrors SKIPPED
> Task :app:preBuild UP-TO-DATE
> Task :app:processDebugGoogleServices UP-TO-DATE
> Task :app:preDebugBuild UP-TO-DATE
> Task :app:generateDebugResources UP-TO-DATE
> Task :app:packageDebugResources UP-TO-DATE
> Task :app:processDebugNavigationResources UP-TO-DATE
> Task :app:parseDebugLocalResources UP-TO-DATE
> Task :app:generateDebugRFile UP-TO-DATE
> Task :app:kspDebugKotlin UP-TO-DATE

> Task :app:compileDebugKotlin FAILED
e: file:///Users/sagarm/StudioProjects/Hackie-main/app/src/main/java/com/example/rabit/ui/automation/MacroLabScreen.kt:228:39 Unresolved reference 'saveCustomMacro'.
e: file:///Users/sagarm/StudioProjects/Hackie-main/app/src/main/java/com/example/rabit/ui/automation/VisionLabScreen.kt:142:48 Unresolved reference 'executeDuckyPayload'.
e: file:///Users/sagarm/StudioProjects/Hackie-main/app/src/main/java/com/example/rabit/ui/forensics/ForensicsLabScreen.kt:93:61 Unresolved reference 'CyberRed'.
e: file:///Users/sagarm/StudioProjects/Hackie-main/app/src/main/java/com/example/rabit/ui/forensics/ForensicsLabScreen.kt:188:30 Unresolved reference 'tabIndicatorOffset'.
e: file:///Users/sagarm/StudioProjects/Hackie-main/app/src/main/java/com/example/rabit/ui/forensics/ForensicsViewModel.kt:9:39 Unresolved reference 'GeminiRequest'.
e: file:///Users/sagarm/StudioProjects/Hackie-main/app/src/main/java/com/example/rabit/ui/forensics/ForensicsViewModel.kt:115:31 Unresolved reference 'GeminiRequest'.
e: file:///Users/sagarm/StudioProjects/Hackie-main/app/src/main/java/com/example/rabit/ui/network/NetworkAuditorScreen.kt:65:25 None of the following candidates is applicable:
fun CircularProgressIndicator(progress: () -> Float, modifier: Modifier = ..., color: Color = ..., strokeWidth: Dp = ..., trackColor: Color = ..., strokeCap: StrokeCap = ..., gapSize: Dp = ...): Unit
fun CircularProgressIndicator(modifier: Modifier = ..., color: Color = ..., strokeWidth: Dp = ..., trackColor: Color = ..., strokeCap: StrokeCap = ...): Unit
fun CircularProgressIndicator(progress: Float, modifier: Modifier = ..., color: Color = ..., strokeWidth: Dp = ..., trackColor: Color = ..., strokeCap: StrokeCap = ...): Unit
e: file:///Users/sagarm/StudioProjects/Hackie-main/app/src/main/java/com/example/rabit/ui/webbridge/WebBridgeScreen.kt:588:42 Unresolved reference 'FontFamily'.
e: file:///Users/sagarm/StudioProjects/Hackie-main/app/src/main/java/com/example/rabit/ui/webbridge/WebBridgeViewModel.kt:345:13 Unresolved reference '_wifiAudioStatus'.
e: file:///Users/sagarm/StudioProjects/Hackie-main/app/src/main/java/com/example/rabit/ui/webbridge/WebBridgeViewModel.kt:356:17 Unresolved reference '_wifiAudioStatus'.
e: file:///Users/sagarm/StudioProjects/Hackie-main/app/src/main/java/com/example/rabit/ui/webbridge/WebBridgeViewModel.kt:363:13 Unresolved reference '_wifiAudioStatus'.
e: file:///Users/sagarm/StudioProjects/Hackie-main/app/src/main/java/com/example/rabit/ui/webbridge/WebBridgeViewModel.kt:906:17 Unresolved reference 'FileOutputStream'.
e: file:///Users/sagarm/StudioProjects/Hackie-main/app/src/main/java/com/example/rabit/ui/webbridge/WebBridgeViewModel.kt:906:40 Cannot infer type for this parameter. Specify it explicitly.
e: file:///Users/sagarm/StudioProjects/Hackie-main/app/src/main/java/com/example/rabit/ui/webbridge/WebBridgeViewModel.kt:906:46 Cannot infer type for this parameter. Specify it explicitly.
e: file:///Users/sagarm/StudioProjects/Hackie-main/app/src/main/java/com/example/rabit/ui/webbridge/WebBridgeViewModel.kt:958:57 'fun InputStream.readBytes(estimatedSize: Int = ...): ByteArray' is deprecated. Use readBytes() overload without estimatedSize parameter.

FAILURE: Build failed with an exception.

* What went wrong:
Execution failed for task ':app:compileDebugKotlin'.
> A failure occurred while executing org.jetbrains.kotlin.compilerRunner.GradleCompilerRunnerWithWorkers$GradleKotlinCompilerWorkAction
   > Compilation error. See log for more details

* Try:
> Run with --stacktrace option to get the stack trace.
> Run with --info or --debug option to get more log output.
> Run with --scan to generate a Build Scan (Powered by Develocity).
> Get more help at https://help.gradle.org.

BUILD FAILED in 3s
8 actionable tasks: 1 executed, 7 up-to-date
Configuration cache entry reused.
