kotlin version: 2.2.10
error message: java.lang.AssertionError: -1161946761 in /Users/sagarm/Live/Hackie/app/build/kspCaches/debug/symbolLookups/lookups.tab.keystream
	at org.jetbrains.kotlin.com.intellij.openapi.diagnostic.DefaultLogger.error(DefaultLogger.java:83)
	at org.jetbrains.kotlin.com.intellij.openapi.diagnostic.Logger.error(Logger.java:436)
	at org.jetbrains.kotlin.com.intellij.util.io.PersistentEnumeratorBase.catchCorruption(PersistentEnumeratorBase.java:694)
	at org.jetbrains.kotlin.com.intellij.util.io.PersistentEnumeratorBase.doEnumerate(PersistentEnumeratorBase.java:265)
	at org.jetbrains.kotlin.com.intellij.util.io.PersistentEnumeratorBase.enumerate(PersistentEnumeratorBase.java:278)
	at org.jetbrains.kotlin.com.intellij.util.io.PersistentMapImpl.enumerate(PersistentMapImpl.java:494)
	at org.jetbrains.kotlin.com.intellij.util.io.PersistentMapImpl.access$300(PersistentMapImpl.java:57)
	at org.jetbrains.kotlin.com.intellij.util.io.PersistentMapImpl$2.onDropFromCache(PersistentMapImpl.java:288)
	at org.jetbrains.kotlin.com.intellij.util.io.PersistentMapImpl$2.onDropFromCache(PersistentMapImpl.java:271)
	at org.jetbrains.kotlin.com.intellij.util.containers.SLRUMap.clear(SLRUMap.java:137)
	at org.jetbrains.kotlin.com.intellij.util.io.PersistentMapImpl.flushAppendCache(PersistentMapImpl.java:1014)
	at org.jetbrains.kotlin.com.intellij.util.io.PersistentMapImpl.clearAppenderCaches(PersistentMapImpl.java:834)
	at org.jetbrains.kotlin.com.intellij.util.io.PersistentMapImpl.doForce(PersistentMapImpl.java:821)
	at org.jetbrains.kotlin.com.intellij.util.io.PersistentMapImpl.force(PersistentMapImpl.java:810)
	at org.jetbrains.kotlin.com.intellij.util.io.PersistentHashMap.force(PersistentHashMap.java:213)
	at org.jetbrains.kotlin.incremental.storage.LazyStorage.flush(LazyStorage.kt:90)
	at org.jetbrains.kotlin.incremental.storage.AppendableSetBasicMap.flush(BasicMap.kt:152)
	at org.jetbrains.kotlin.incremental.storage.BasicMapsOwner$flush$1.invoke(BasicMapsOwner.kt:41)
	at org.jetbrains.kotlin.incremental.storage.BasicMapsOwner$flush$1.invoke(BasicMapsOwner.kt:41)
	at org.jetbrains.kotlin.incremental.storage.BasicMapsOwner.forEachMapSafe(BasicMapsOwner.kt:87)
	at org.jetbrains.kotlin.incremental.storage.BasicMapsOwner.flush(BasicMapsOwner.kt:41)
	at com.google.devtools.ksp.LookupStorageWrapperImpl.flush(IncrementalContext.kt:238)
	at com.google.devtools.ksp.common.IncrementalContextBase.updateLookupCache(IncrementalContextBase.kt:134)
	at com.google.devtools.ksp.common.IncrementalContextBase.updateCaches(IncrementalContextBase.kt:360)
	at com.google.devtools.ksp.common.IncrementalContextBase.access$updateCaches(IncrementalContextBase.kt:62)
	at com.google.devtools.ksp.common.IncrementalContextBase$updateCachesAndOutputs$1.invoke(IncrementalContextBase.kt:471)
	at com.google.devtools.ksp.common.IncrementalContextBase$updateCachesAndOutputs$1.invoke(IncrementalContextBase.kt:423)
	at com.google.devtools.ksp.common.IncrementalContextBase.closeFilesOnException(IncrementalContextBase.kt:403)
	at com.google.devtools.ksp.common.IncrementalContextBase.updateCachesAndOutputs(IncrementalContextBase.kt:423)
	at com.google.devtools.ksp.AbstractKotlinSymbolProcessingExtension.doAnalysis(KotlinSymbolProcessingExtension.kt:382)
	at org.jetbrains.kotlin.cli.jvm.compiler.TopDownAnalyzerFacadeForJVM.analyzeFilesWithJavaIntegration(TopDownAnalyzerFacadeForJVM.kt:112)
	at org.jetbrains.kotlin.cli.jvm.compiler.TopDownAnalyzerFacadeForJVM.analyzeFilesWithJavaIntegration$default(TopDownAnalyzerFacadeForJVM.kt:75)
	at org.jetbrains.kotlin.cli.jvm.compiler.KotlinToJVMBytecodeCompiler.analyze$lambda$12(KotlinToJVMBytecodeCompiler.kt:344)
	at org.jetbrains.kotlin.cli.common.messages.AnalyzerWithCompilerReport.analyzeAndReport(AnalyzerWithCompilerReport.kt:112)
	at org.jetbrains.kotlin.cli.jvm.compiler.KotlinToJVMBytecodeCompiler.analyze(KotlinToJVMBytecodeCompiler.kt:335)
	at org.jetbrains.kotlin.cli.jvm.compiler.KotlinToJVMBytecodeCompiler.repeatAnalysisIfNeeded(KotlinToJVMBytecodeCompiler.kt:247)
	at org.jetbrains.kotlin.cli.jvm.compiler.KotlinToJVMBytecodeCompiler.runFrontendAndGenerateIrUsingClassicFrontend(KotlinToJVMBytecodeCompiler.kt:169)
	at org.jetbrains.kotlin.cli.jvm.compiler.KotlinToJVMBytecodeCompiler.compileModules$cli(KotlinToJVMBytecodeCompiler.kt:80)
	at org.jetbrains.kotlin.cli.jvm.K2JVMCompiler.doExecute(K2JVMCompiler.kt:187)
	at org.jetbrains.kotlin.cli.jvm.K2JVMCompiler.doExecute(K2JVMCompiler.kt:44)
	at org.jetbrains.kotlin.cli.common.CLICompiler.execImpl(CLICompiler.kt:123)
	at org.jetbrains.kotlin.cli.common.CLICompiler.exec(CLICompiler.kt:352)
	at org.jetbrains.kotlin.daemon.CompileServiceImpl.compile(CompileServiceImpl.kt:1701)
	at java.base/jdk.internal.reflect.NativeMethodAccessorImpl.invoke0(Native Method)
	at java.base/jdk.internal.reflect.NativeMethodAccessorImpl.invoke(NativeMethodAccessorImpl.java:77)
	at java.base/jdk.internal.reflect.DelegatingMethodAccessorImpl.invoke(DelegatingMethodAccessorImpl.java:43)
	at java.base/java.lang.reflect.Method.invoke(Method.java:569)
	at java.rmi/sun.rmi.server.UnicastServerRef.dispatch(UnicastServerRef.java:360)
	at java.rmi/sun.rmi.transport.Transport$1.run(Transport.java:200)
	at java.rmi/sun.rmi.transport.Transport$1.run(Transport.java:197)
	at java.base/java.security.AccessController.doPrivileged(AccessController.java:712)
	at java.rmi/sun.rmi.transport.Transport.serviceCall(Transport.java:196)
	at java.rmi/sun.rmi.transport.tcp.TCPTransport.handleMessages(TCPTransport.java:587)
	at java.rmi/sun.rmi.transport.tcp.TCPTransport$ConnectionHandler.run0(TCPTransport.java:828)
	at java.rmi/sun.rmi.transport.tcp.TCPTransport$ConnectionHandler.lambda$run$0(TCPTransport.java:705)
	at java.base/java.security.AccessController.doPrivileged(AccessController.java:399)
	at java.rmi/sun.rmi.transport.tcp.TCPTransport$ConnectionHandler.run(TCPTransport.java:704)
	at java.base/java.util.concurrent.ThreadPoolExecutor.runWorker(ThreadPoolExecutor.java:1136)
	at java.base/java.util.concurrent.ThreadPoolExecutor$Worker.run(ThreadPoolExecutor.java:635)
	at java.base/java.lang.Thread.run(Thread.java:840)
Caused by: java.lang.AssertionError: -1161946761 in /Users/sagarm/Live/Hackie/app/build/kspCaches/debug/symbolLookups/lookups.tab.keystream
	at org.jetbrains.kotlin.com.intellij.util.io.PagedFileStorage.getByteBuffer(PagedFileStorage.java:190)
	at org.jetbrains.kotlin.com.intellij.util.io.keyStorage.AppendableStorageBackedByResizableMappedFile$3.<init>(AppendableStorageBackedByResizableMappedFile.java:264)
	at org.jetbrains.kotlin.com.intellij.util.io.keyStorage.AppendableStorageBackedByResizableMappedFile.buildOldComparerStream(AppendableStorageBackedByResizableMappedFile.java:261)
	at org.jetbrains.kotlin.com.intellij.util.io.keyStorage.AppendableStorageBackedByResizableMappedFile.checkBytesAreTheSame(AppendableStorageBackedByResizableMappedFile.java:181)
	at org.jetbrains.kotlin.com.intellij.util.io.PersistentEnumeratorBase.isKeyAtIndex(PersistentEnumeratorBase.java:394)
	at org.jetbrains.kotlin.com.intellij.util.io.PersistentBTreeEnumerator.enumerateImpl(PersistentBTreeEnumerator.java:610)
	at org.jetbrains.kotlin.com.intellij.util.io.PersistentEnumeratorBase.lambda$doEnumerate$0(PersistentEnumeratorBase.java:266)
	at org.jetbrains.kotlin.com.intellij.util.io.PersistentEnumeratorBase.catchCorruption(PersistentEnumeratorBase.java:671)
	... 57 more


